Testing shell command execution
